// Jest Snapshot v1, https://goo.gl/fbAQLP

exports[`QuestionCmp  component renders a snapshot 1`] = `
<div>
  <p
    className="fs-2"
  />
</div>
`;
