// Jest Snapshot v1, https://goo.gl/fbAQLP

exports[`Button  component renders a snapshot 1`] = `
<button
  type="button"
  value=""
>
  
</button>
`;
