// Jest Snapshot v1, https://goo.gl/fbAQLP

exports[`Question Count component renders a snapshot 1`] = `
<div
  className="questionCount"
>
  Question 
  <span />
   of 
  <span />
</div>
`;
